
> lomhea@0.1.0 build
> next build

▲ Next.js 16.1.6 (Turbopack)
- Environments: .env

  Creating an optimized production build ...
✓ Compiled successfully in 11.7s
  Running TypeScript ...
Failed to compile.

./components/ui/apple-cards-carousel.tsx:20:10
Type error: Cannot find namespace 'JSX'.

[0m [90m 18 |[39m
 [90m 19 |[39m [36minterface[39m [33mCarouselProps[39m {
[31m[1m>[22m[39m[90m 20 |[39m   items[33m:[39m [33mJSX[39m[33m.[39m[33mElement[39m[][33m;[39m
 [90m    |[39m          [31m[1m^[22m[39m
 [90m 21 |[39m   initialScroll[33m?[39m[33m:[39m number[33m;[39m
 [90m 22 |[39m }
 [90m 23 |[39m[0m
Next.js build worker exited with code: 1 and signal: null
